  Determining projects to restore...
  All projects are up-to-date for restore.
  Shared.Contracts -> C:\Migrasi\Projects\Projects\BleTrackingBackend\Shared\Shared.Contracts\bin\Debug\net8.0\Shared.Contracts.dll
  Shared.Config -> C:\Migrasi\Projects\Projects\BleTrackingBackend\Shared\Shared.Config\bin\Debug\net8.0\Shared.Config.dll
  Helpers.Consumer -> C:\Migrasi\Projects\Projects\BleTrackingBackend\Shared\Helpers.Consumer\bin\Debug\net8.0\Helpers.Consumer.dll
  Entities.Models -> C:\Migrasi\Projects\Projects\BleTrackingBackend\Shared\Entities.Models\bin\Debug\net8.0\Entities.Models.dll
  Data.ViewModels -> C:\Migrasi\Projects\Projects\BleTrackingBackend\Shared\Data.ViewModels\bin\Debug\net8.0\Data.ViewModels.dll
  Repositories -> C:\Migrasi\Projects\Projects\BleTrackingBackend\Shared\Repositories\bin\Debug\net8.0\Repositories.dll
C:\Migrasi\Projects\Projects\BleTrackingBackend\Shared\BusinessLogic.Services\Implementation\EmailService.cs(243,23): warning CS1998: This async method lacks 'await' operators and will run synchronously. Consider using the 'await' operator to await non-blocking API calls, or 'await Task.Run(...)' to do CPU-bound work on a background thread. [C:\Migrasi\Projects\Projects\BleTrackingBackend\Shared\BusinessLogic.Services\BusinessLogic.Services.csproj]
C:\Migrasi\Projects\Projects\BleTrackingBackend\Shared\BusinessLogic.Services\Implementation\Analytics\AlarmAnalyticsIncidentService.cs(220,64): error CS1503: Argument 1: cannot convert from 'double?' to 'double' [C:\Migrasi\Projects\Projects\BleTrackingBackend\Shared\BusinessLogic.Services\BusinessLogic.Services.csproj]
C:\Migrasi\Projects\Projects\BleTrackingBackend\Shared\BusinessLogic.Services\Implementation\Analytics\AlarmAnalyticsIncidentService.cs(224,25): error CS0103: The name 'GetTimeRange' does not exist in the current context [C:\Migrasi\Projects\Projects\BleTrackingBackend\Shared\BusinessLogic.Services\BusinessLogic.Services.csproj]
C:\Migrasi\Projects\Projects\BleTrackingBackend\Shared\BusinessLogic.Services\Implementation\Analytics\AlarmAnalyticsIncidentService.cs(231,40): error CS1061: 'AlarmAnalyticsIncidentRepository' does not contain a definition for 'GetContext' and no accessible extension method 'GetContext' accepting a first argument of type 'AlarmAnalyticsIncidentRepository' could be found (are you missing a using directive or an assembly reference?) [C:\Migrasi\Projects\Projects\BleTrackingBackend\Shared\BusinessLogic.Services\BusinessLogic.Services.csproj]
C:\Migrasi\Projects\Projects\BleTrackingBackend\Shared\BusinessLogic.Services\Implementation\Analytics\AlarmAnalyticsIncidentService.cs(235,29): error CS0103: The name '_httpContextAccessor' does not exist in the current context [C:\Migrasi\Projects\Projects\BleTrackingBackend\Shared\BusinessLogic.Services\BusinessLogic.Services.csproj]
C:\Migrasi\Projects\Projects\BleTrackingBackend\Shared\BusinessLogic.Services\Implementation\Analytics\AlarmAnalyticsIncidentService.cs(243,135): error CS0117: 'ActionStatus' does not contain a definition for 'Cancel' [C:\Migrasi\Projects\Projects\BleTrackingBackend\Shared\BusinessLogic.Services\BusinessLogic.Services.csproj]
C:\Migrasi\Projects\Projects\BleTrackingBackend\Shared\BusinessLogic.Services\Implementation\Analytics\AlarmAnalyticsIncidentService.cs(270,64): error CS1501: No overload for method 'ToString' takes 1 arguments [C:\Migrasi\Projects\Projects\BleTrackingBackend\Shared\BusinessLogic.Services\BusinessLogic.Services.csproj]
C:\Migrasi\Projects\Projects\BleTrackingBackend\Shared\BusinessLogic.Services\Implementation\Analytics\AlarmAnalyticsIncidentService.cs(271,60): error CS1501: No overload for method 'ToString' takes 1 arguments [C:\Migrasi\Projects\Projects\BleTrackingBackend\Shared\BusinessLogic.Services\BusinessLogic.Services.csproj]
C:\Migrasi\Projects\Projects\BleTrackingBackend\Shared\BusinessLogic.Services\Implementation\CardAccessService.cs(69,48): warning CS8619: Nullability of reference types in value of type 'List<CardAccessMaskedArea>' doesn't match target type 'ICollection<CardAccessMaskedArea?>'. [C:\Migrasi\Projects\Projects\BleTrackingBackend\Shared\BusinessLogic.Services\BusinessLogic.Services.csproj]
C:\Migrasi\Projects\Projects\BleTrackingBackend\Shared\BusinessLogic.Services\Implementation\CardAccessService.cs(88,47): warning CS8619: Nullability of reference types in value of type 'List<CardAccessTimeGroups>' doesn't match target type 'ICollection<CardAccessTimeGroups?>'. [C:\Migrasi\Projects\Projects\BleTrackingBackend\Shared\BusinessLogic.Services\BusinessLogic.Services.csproj]
C:\Migrasi\Projects\Projects\BleTrackingBackend\Shared\BusinessLogic.Services\Implementation\CardAccessService.cs(137,48): warning CS8619: Nullability of reference types in value of type 'List<CardAccessMaskedArea>' doesn't match target type 'ICollection<CardAccessMaskedArea?>'. [C:\Migrasi\Projects\Projects\BleTrackingBackend\Shared\BusinessLogic.Services\BusinessLogic.Services.csproj]
C:\Migrasi\Projects\Projects\BleTrackingBackend\Shared\BusinessLogic.Services\Implementation\FloorplanDeviceService.cs(231,21): warning CS8073: The result of the expression is always 'true' since a value of type 'Guid' is never equal to 'null' of type 'Guid?' [C:\Migrasi\Projects\Projects\BleTrackingBackend\Shared\BusinessLogic.Services\BusinessLogic.Services.csproj]
C:\Migrasi\Projects\Projects\BleTrackingBackend\Shared\BusinessLogic.Services\Implementation\VisitorService.cs(1098,25): warning CS0219: The variable 'visitorJustCreated' is assigned but its value is never used [C:\Migrasi\Projects\Projects\BleTrackingBackend\Shared\BusinessLogic.Services\BusinessLogic.Services.csproj]
C:\Migrasi\Projects\Projects\BleTrackingBackend\Shared\BusinessLogic.Services\Implementation\TimeGroupService.cs(71,47): warning CS8619: Nullability of reference types in value of type 'List<CardAccessTimeGroups>' doesn't match target type 'ICollection<CardAccessTimeGroups?>'. [C:\Migrasi\Projects\Projects\BleTrackingBackend\Shared\BusinessLogic.Services\BusinessLogic.Services.csproj]

Build FAILED.

C:\Migrasi\Projects\Projects\BleTrackingBackend\Shared\BusinessLogic.Services\Implementation\EmailService.cs(243,23): warning CS1998: This async method lacks 'await' operators and will run synchronously. Consider using the 'await' operator to await non-blocking API calls, or 'await Task.Run(...)' to do CPU-bound work on a background thread. [C:\Migrasi\Projects\Projects\BleTrackingBackend\Shared\BusinessLogic.Services\BusinessLogic.Services.csproj]
C:\Migrasi\Projects\Projects\BleTrackingBackend\Shared\BusinessLogic.Services\Implementation\CardAccessService.cs(69,48): warning CS8619: Nullability of reference types in value of type 'List<CardAccessMaskedArea>' doesn't match target type 'ICollection<CardAccessMaskedArea?>'. [C:\Migrasi\Projects\Projects\BleTrackingBackend\Shared\BusinessLogic.Services\BusinessLogic.Services.csproj]
C:\Migrasi\Projects\Projects\BleTrackingBackend\Shared\BusinessLogic.Services\Implementation\CardAccessService.cs(88,47): warning CS8619: Nullability of reference types in value of type 'List<CardAccessTimeGroups>' doesn't match target type 'ICollection<CardAccessTimeGroups?>'. [C:\Migrasi\Projects\Projects\BleTrackingBackend\Shared\BusinessLogic.Services\BusinessLogic.Services.csproj]
C:\Migrasi\Projects\Projects\BleTrackingBackend\Shared\BusinessLogic.Services\Implementation\CardAccessService.cs(137,48): warning CS8619: Nullability of reference types in value of type 'List<CardAccessMaskedArea>' doesn't match target type 'ICollection<CardAccessMaskedArea?>'. [C:\Migrasi\Projects\Projects\BleTrackingBackend\Shared\BusinessLogic.Services\BusinessLogic.Services.csproj]
C:\Migrasi\Projects\Projects\BleTrackingBackend\Shared\BusinessLogic.Services\Implementation\FloorplanDeviceService.cs(231,21): warning CS8073: The result of the expression is always 'true' since a value of type 'Guid' is never equal to 'null' of type 'Guid?' [C:\Migrasi\Projects\Projects\BleTrackingBackend\Shared\BusinessLogic.Services\BusinessLogic.Services.csproj]
C:\Migrasi\Projects\Projects\BleTrackingBackend\Shared\BusinessLogic.Services\Implementation\VisitorService.cs(1098,25): warning CS0219: The variable 'visitorJustCreated' is assigned but its value is never used [C:\Migrasi\Projects\Projects\BleTrackingBackend\Shared\BusinessLogic.Services\BusinessLogic.Services.csproj]
C:\Migrasi\Projects\Projects\BleTrackingBackend\Shared\BusinessLogic.Services\Implementation\TimeGroupService.cs(71,47): warning CS8619: Nullability of reference types in value of type 'List<CardAccessTimeGroups>' doesn't match target type 'ICollection<CardAccessTimeGroups?>'. [C:\Migrasi\Projects\Projects\BleTrackingBackend\Shared\BusinessLogic.Services\BusinessLogic.Services.csproj]
C:\Migrasi\Projects\Projects\BleTrackingBackend\Shared\BusinessLogic.Services\Implementation\Analytics\AlarmAnalyticsIncidentService.cs(220,64): error CS1503: Argument 1: cannot convert from 'double?' to 'double' [C:\Migrasi\Projects\Projects\BleTrackingBackend\Shared\BusinessLogic.Services\BusinessLogic.Services.csproj]
C:\Migrasi\Projects\Projects\BleTrackingBackend\Shared\BusinessLogic.Services\Implementation\Analytics\AlarmAnalyticsIncidentService.cs(224,25): error CS0103: The name 'GetTimeRange' does not exist in the current context [C:\Migrasi\Projects\Projects\BleTrackingBackend\Shared\BusinessLogic.Services\BusinessLogic.Services.csproj]
C:\Migrasi\Projects\Projects\BleTrackingBackend\Shared\BusinessLogic.Services\Implementation\Analytics\AlarmAnalyticsIncidentService.cs(231,40): error CS1061: 'AlarmAnalyticsIncidentRepository' does not contain a definition for 'GetContext' and no accessible extension method 'GetContext' accepting a first argument of type 'AlarmAnalyticsIncidentRepository' could be found (are you missing a using directive or an assembly reference?) [C:\Migrasi\Projects\Projects\BleTrackingBackend\Shared\BusinessLogic.Services\BusinessLogic.Services.csproj]
C:\Migrasi\Projects\Projects\BleTrackingBackend\Shared\BusinessLogic.Services\Implementation\Analytics\AlarmAnalyticsIncidentService.cs(235,29): error CS0103: The name '_httpContextAccessor' does not exist in the current context [C:\Migrasi\Projects\Projects\BleTrackingBackend\Shared\BusinessLogic.Services\BusinessLogic.Services.csproj]
C:\Migrasi\Projects\Projects\BleTrackingBackend\Shared\BusinessLogic.Services\Implementation\Analytics\AlarmAnalyticsIncidentService.cs(243,135): error CS0117: 'ActionStatus' does not contain a definition for 'Cancel' [C:\Migrasi\Projects\Projects\BleTrackingBackend\Shared\BusinessLogic.Services\BusinessLogic.Services.csproj]
C:\Migrasi\Projects\Projects\BleTrackingBackend\Shared\BusinessLogic.Services\Implementation\Analytics\AlarmAnalyticsIncidentService.cs(270,64): error CS1501: No overload for method 'ToString' takes 1 arguments [C:\Migrasi\Projects\Projects\BleTrackingBackend\Shared\BusinessLogic.Services\BusinessLogic.Services.csproj]
C:\Migrasi\Projects\Projects\BleTrackingBackend\Shared\BusinessLogic.Services\Implementation\Analytics\AlarmAnalyticsIncidentService.cs(271,60): error CS1501: No overload for method 'ToString' takes 1 arguments [C:\Migrasi\Projects\Projects\BleTrackingBackend\Shared\BusinessLogic.Services\BusinessLogic.Services.csproj]
    7 Warning(s)
    7 Error(s)

Time Elapsed 00:00:04.53
